mode: set
shogi-rakuen/controller/user_controller.go:26.65,28.2 1 1
shogi-rakuen/controller/user_controller.go:31.56,33.38 2 1
shogi-rakuen/controller/user_controller.go:33.38,35.3 1 0
shogi-rakuen/controller/user_controller.go:37.2,37.42 1 1
shogi-rakuen/controller/user_controller.go:37.42,39.3 1 1
shogi-rakuen/controller/user_controller.go:40.2,46.16 3 1
shogi-rakuen/controller/user_controller.go:46.16,47.10 1 0
shogi-rakuen/controller/user_controller.go:48.54,49.85 1 0
shogi-rakuen/controller/user_controller.go:51.11,54.93 1 0
shogi-rakuen/controller/user_controller.go:58.2,58.44 1 1
shogi-rakuen/controller/user_controller.go:62.55,64.37 2 1
shogi-rakuen/controller/user_controller.go:64.37,66.3 1 0
shogi-rakuen/controller/user_controller.go:68.2,68.41 1 1
shogi-rakuen/controller/user_controller.go:68.41,70.3 1 1
shogi-rakuen/controller/user_controller.go:72.2,77.16 3 1
shogi-rakuen/controller/user_controller.go:77.16,78.10 1 1
shogi-rakuen/controller/user_controller.go:79.49,80.80 1 1
shogi-rakuen/controller/user_controller.go:81.51,82.81 1 1
shogi-rakuen/controller/user_controller.go:83.50,84.90 1 1
shogi-rakuen/controller/user_controller.go:85.11,86.93 1 0
shogi-rakuen/controller/user_controller.go:91.2,105.42 11 1
shogi-rakuen/controller/user_controller.go:110.52,116.9 3 1
shogi-rakuen/controller/user_controller.go:116.9,118.3 1 0
shogi-rakuen/controller/user_controller.go:119.2,121.16 3 1
shogi-rakuen/controller/user_controller.go:121.16,123.3 1 0
shogi-rakuen/controller/user_controller.go:125.2,126.16 2 1
shogi-rakuen/controller/user_controller.go:126.16,127.46 1 1
shogi-rakuen/controller/user_controller.go:127.46,129.4 1 1
shogi-rakuen/controller/user_controller.go:130.3,130.80 1 0
shogi-rakuen/controller/user_controller.go:133.2,133.36 1 1
